// Jest Snapshot v1, https://goo.gl/fbAQLP

exports[`COMPONENT TEST FOR LOGIN PAGE should render login page matching snapshot 1`] = `
<div>
  <input
    id="TXBX_username"
    placeholder="USERNAME"
    style={
      Object {
        "float": "left",
        "margin": "1rem",
        "padding": "0.2rem",
        "top_margin": "7rem",
      }
    }
    type="text"
  />
  <input
    id="TXBX_password"
    placeholder="PASSWORD"
    style={
      Object {
        "float": "left",
        "margin": "1rem",
        "padding": "0.2rem",
        "top_margin": "7rem",
      }
    }
    type="text"
  />
  <button
    style={
      Object {
        "clear": "left",
        "float": "left",
        "margin": "1rem",
        "padding": "0.2rem",
      }
    }
  >
    login
  </button>
  <GC_link_with_children
    route="/dashboard/"
  >
    <h3>
      TO &gt; dashboard
    </h3>
  </GC_link_with_children>
</div>
`;
