// Jest Snapshot v1, https://goo.gl/fbAQLP

exports[`COMPONENT TEST FOR EXPENSE LIST ITEM should render an expense list item 1`] = `
<div>
  <GC_link_with_children
    route="/edit/2"
  >
    <h3>
      TO &gt; rent
    </h3>
  </GC_link_with_children>
  <p>
    $1,095.00
     --- 
    December 27th, 1969
  </p>
</div>
`;
